###############################################################################
#                                                                             #
# IAR ELF Linker V1.42.1.142 for STM8                   16/Jan/2019  22:25:30 #
# Copyright 2010-2013 IAR Systems AB.                                         #
#                                                                             #
#    Output file  =  D:\SmartGit_Repository\STM8_HT1621_IAR_Git\Project\Debug #
#                    \Exe\STM8S_Demo.out                                      #
#    Map file     =  D:\SmartGit_Repository\STM8_HT1621_IAR_Git\Project\Debug #
#                    \List\STM8S_Demo.map                                     #
#    Command line =  D:\SmartGit_Repository\STM8_HT1621_IAR_Git\Project\Debug #
#                    \Obj\adc1.o D:\SmartGit_Repository\STM8_HT1621_IAR_Git\P #
#                    roject\Debug\Obj\HT1621.o D:\SmartGit_Repository\STM8_HT #
#                    1621_IAR_Git\Project\Debug\Obj\main.o                    #
#                    D:\SmartGit_Repository\STM8_HT1621_IAR_Git\Project\Debug #
#                    \Obj\stm8s_adc1.o D:\SmartGit_Repository\STM8_HT1621_IAR #
#                    _Git\Project\Debug\Obj\stm8s_clk.o                       #
#                    D:\SmartGit_Repository\STM8_HT1621_IAR_Git\Project\Debug #
#                    \Obj\stm8s_gpio.o D:\SmartGit_Repository\STM8_HT1621_IAR #
#                    _Git\Project\Debug\Obj\stm8s_uart2.o                     #
#                    D:\SmartGit_Repository\STM8_HT1621_IAR_Git\Project\Debug #
#                    \Obj\sysclock.o D:\SmartGit_Repository\STM8_HT1621_IAR_G #
#                    it\Project\Debug\Obj\uart.o --redirect                   #
#                    _Printf=_PrintfFullNoMb --redirect                       #
#                    _Scanf=_ScanfFullNoMb -o D:\SmartGit_Repository\STM8_HT1 #
#                    621_IAR_Git\Project\Debug\Exe\STM8S_Demo.out --map       #
#                    D:\SmartGit_Repository\STM8_HT1621_IAR_Git\Project\Debug #
#                    \List\STM8S_Demo.map --config "C:\Program Files          #
#                    (x86)\IAR Systems\Embedded Workbench                     #
#                    6.5\stm8\config\lnkstm8s003f3.icf" --config_def          #
#                    _CSTACK_SIZE=0x100 --config_def _HEAP_SIZE=0x100         #
#                    --entry __iar_program_start --debug_lib                  #
#                                                                             #
#                                                                             #
###############################################################################

*******************************************************************************
*** RUNTIME MODEL ATTRIBUTES
***

__SystemLibrary            = DLib
__code_model               = small
__core                     = stm8
__data_model               = medium
__dlib_file_descriptor     = 0
__dlib_full_locale_support = 0
__rt_version               = 4


*******************************************************************************
*** PLACEMENT SUMMARY
***

"A1":  place at start of [0x000000-0x0000ff] { rw section .vregs };
"A2":  place at end of [0x000000-0x0003ff] { block CSTACK };
"P2":  place in [from 0x000000 to 0x0003ff] {
          block HEAP, rw section .far.bss, rw section .far.data,
          rw section .far.noinit, rw section .far_func.textrw,
          rw section .huge.bss, rw section .huge.data, rw section .huge.noinit,
          rw section .huge_func.textrw, rw section .iar.dynexit,
          rw section .near.bss, rw section .near.data, rw section .near.noinit,
          rw section .near_func.textrw };
"A3":  place at start of [0x008000-0x009fff] { block INTVEC };
"P3":  place in [from 0x008000 to 0x009fff] {
          ro section .far.data_init, ro section .far_func.textrw_init,
          ro section .huge.data_init, ro section .huge_func.textrw_init,
          ro section .iar.init_table, ro section .init_array,
          ro section .near.data_init, ro section .near.rodata,
          ro section .near_func.text, ro section .near_func.textrw_init,
          ro section .tiny.data_init, ro section .tiny.rodata_init };

  Section          Kind      Address   Size  Object
  -------          ----      -------   ----  ------
"A1":                                  0x10
  .vregs           uninit   0x000000   0x10  vregs.o [4]
                          - 0x000010   0x10

"P2":                                   0x5
  .near.bss        zero     0x000010    0x2  main.o [1]
  .near.bss        zero     0x000012    0x1  HT1621.o [1]
  .near.bss        zero     0x000013    0x1  HT1621.o [1]
  .near.bss        zero     0x000014    0x1  HT1621.o [1]
                          - 0x000015    0x5

"A2":                                 0x100
  CSTACK                    0x000300  0x100  <Block>
    CSTACK         uninit   0x000300  0x100  <Block tail>
                          - 0x000400  0x100

"A3":                                  0x80
  INTVEC                    0x008000   0x80  <Block>
    .intvec        const    0x008000   0x80  interrupt.o [4]
                          - 0x008080   0x80

"P3":                                 0xe9d
  .near_func.text  ro code  0x008080  0x21e  stm8s_uart2.o [1]
  .near_func.text  ro code  0x00829e  0x19a  stm8s_adc1.o [1]
  .near_func.text  ro code  0x008438  0x12f  long.o [4]
  .near_func.text  ro code  0x008567   0xfc  stm8s_adc1.o [1]
  .near_func.text  ro code  0x008663   0xd2  vreg_util.o [4]
  .near_func.text  ro code  0x008735   0xcc  stm8s_uart2.o [1]
  .near_func.text  ro code  0x008801   0xbe  stm8s_adc1.o [1]
  .near_func.text  ro code  0x0088bf   0x6f  uart.o [1]
  .near_func.text  ro code  0x00892e   0x5d  stm8s_clk.o [1]
  .near_func.text  ro code  0x00898b   0x59  stm8s_adc1.o [1]
  .near_func.text  ro code  0x0089e4   0x55  stm8s_adc1.o [1]
  .near_func.text  ro code  0x008a39   0x54  stm8s_adc1.o [1]
  .near_func.text  ro code  0x008a8d   0x4d  HT1621.o [1]
  .near_func.text  ro code  0x008ada   0x47  long_util.o [4]
  .near.rodata     const    0x008b21   0x43  stm8s_uart2.o [1]
  .near.rodata     const    0x008b64   0x42  stm8s_adc1.o [1]
  .near.rodata     const    0x008ba6   0x41  stm8s_clk.o [1]
  .near_func.text  ro code  0x008be7   0x3d  stm8s_clk.o [1]
  .near_func.text  ro code  0x008c24   0x34  HT1621.o [1]
  .near_func.text  ro code  0x008c58   0x32  HT1621.o [1]
  .near_func.text  ro code  0x008c8a   0x32  HT1621.o [1]
  .near_func.text  ro code  0x008cbc   0x31  stm8s_adc1.o [1]
  .near_func.text  ro code  0x008ced   0x2f  stm8s_adc1.o [1]
  .near_func.text  ro code  0x008d1c   0x2c  main.o [1]
  .near_func.text  ro code  0x008d48   0x2c  dc_util.o [4]
  .near_func.text  ro code  0x008d74   0x29  stm8s_uart2.o [1]
  .near_func.text  ro code  0x008d9d   0x27  adc1.o [1]
  .near_func.text  ro code  0x008dc4   0x25  main.o [1]
  .near_func.text  ro code  0x008de9   0x23  HT1621.o [1]
  .near_func.text  ro code  0x008e0c   0x21  uart.o [1]
  .iar.init_table  const    0x008e2d    0x8  - Linker created -
  .near_func.text  ro code  0x008e35   0x1e  init_small.o [4]
  .near_func.text  ro code  0x008e53   0x1a  uart.o [1]
  .near_func.text  ro code  0x008e6d   0x18  HT1621.o [1]
  .near_func.text  ro code  0x008e85   0x17  init.o [4]
  .near_func.text  ro code  0x008e9c   0x14  short.o [4]
  .near_func.text  ro code  0x008eb0   0x14  __dbg_xxexit.o [3]
  .near_func.text  ro code  0x008ec4   0x13  cstartup.o [4]
  .near_func.text  ro code  0x008ed7    0xe  uart.o [1]
  .near_func.text  ro code  0x008ee5    0xd  stm8s_uart2.o [1]
  .near.rodata     const    0x008ef2    0x6  main.o [1]
  .near_func.text  ro code  0x008ef8    0x5  stm8s_adc1.o [1]
  .near_func.text  ro code  0x008efd    0x5  cexit.o [4]
  .near.rodata     const    0x008f02    0x4  stm8s_clk.o [1]
  .near_func.text  ro code  0x008f06    0x4  stm8s_uart2.o [1]
  .near_func.text  ro code  0x008f0a    0x4  sysclock.o [1]
  .near_func.text  ro code  0x008f0e    0x3  interrupt.o [4]
  .near_func.text  ro code  0x008f11    0x3  low_level_init.o [4]
  .near_func.text  ro code  0x008f14    0x3  exit.o [4]
  .near_func.text  ro code  0x008f17    0x3  unhandled_exception.o [4]
  .near_func.text  ro code  0x008f1a    0x2  main.o [1]
  .near_func.text  ro code  0x008f1c    0x1  __dbg_break.o [3]
                          - 0x008f1d  0xe9d


*******************************************************************************
*** INIT TABLE
***

          Address   Size
          -------   ----
Zero (__iar_zero_init2)
    1 destination range, total size 0x5:
          0x000010   0x5



*******************************************************************************
*** MODULE SUMMARY
***

    Module                 ro code  ro data  rw data
    ------                 -------  -------  -------
D:\SmartGit_Repository\STM8_HT1621_IAR_Git\Project\Debug\Obj: [1]
    HT1621.o                   288                 3
    adc1.o                      39
    main.o                      83        6        2
    stm8s_adc1.o             1 211       66
    stm8s_clk.o                154       69
    stm8s_uart2.o              804       67
    sysclock.o                   4
    uart.o                     184
    ------------------------------------------------
    Total:                   2 767      208        5

command line: [2]
    ------------------------------------------------
    Total:

dbgstm8smd.a: [3]
    __dbg_break.o                1
    __dbg_xxexit.o              20
    ------------------------------------------------
    Total:                      21

dlstm8smn.a: [4]
    cexit.o                      5
    cstartup.o                  19
    dc_util.o                   44
    exit.o                       3
    init.o                      23
    init_small.o                30
    interrupt.o                  3      128
    long.o                     303
    long_util.o                 71
    low_level_init.o             3
    short.o                     20
    unhandled_exception.o        3
    vreg_util.o                210
    vregs.o                                       16
    ------------------------------------------------
    Total:                     737      128       16

    Linker created                        8      256
----------------------------------------------------
    Grand Total:             3 525      344      277


*******************************************************************************
*** ENTRY LIST
***

Entry                    Address   Size  Type      Object
-----                    -------   ----  ----      ------
?b0                     0x000000         Data  Gb  vregs.o [4]
?b1                     0x000001         Data  Gb  vregs.o [4]
?b10                    0x00000a         Data  Gb  vregs.o [4]
?b11                    0x00000b         Data  Gb  vregs.o [4]
?b12                    0x00000c         Data  Gb  vregs.o [4]
?b13                    0x00000d         Data  Gb  vregs.o [4]
?b14                    0x00000e         Data  Gb  vregs.o [4]
?b15                    0x00000f         Data  Gb  vregs.o [4]
?b2                     0x000002         Data  Gb  vregs.o [4]
?b3                     0x000003         Data  Gb  vregs.o [4]
?b4                     0x000004         Data  Gb  vregs.o [4]
?b5                     0x000005         Data  Gb  vregs.o [4]
?b6                     0x000006         Data  Gb  vregs.o [4]
?b7                     0x000007         Data  Gb  vregs.o [4]
?b8                     0x000008         Data  Gb  vregs.o [4]
?b9                     0x000009         Data  Gb  vregs.o [4]
?dc32_l0                0x008d4f         Code  Gb  dc_util.o [4]
?dc32_l1                0x008d5c         Code  Gb  dc_util.o [4]
?dc32_px                0x008d69         Code  Gb  dc_util.o [4]
?dc8_px                 0x008d48         Code  Gb  dc_util.o [4]
?e0                     0x000001         Data  Gb  vregs.o [4]
?e1                     0x000005         Data  Gb  vregs.o [4]
?e2                     0x000009         Data  Gb  vregs.o [4]
?e3                     0x00000d         Data  Gb  vregs.o [4]
?epilogue_l2            0x0086d2         Code  Gb  vreg_util.o [4]
?epilogue_l2_l3         0x0086cf         Code  Gb  vreg_util.o [4]
?epilogue_w4            0x0086d6         Code  Gb  vreg_util.o [4]
?l0                     0x000000         Data  Gb  vregs.o [4]
?l1                     0x000004         Data  Gb  vregs.o [4]
?l2                     0x000008         Data  Gb  vregs.o [4]
?l3                     0x00000c         Data  Gb  vregs.o [4]
?load32_0x_l0           0x008b13         Code  Gb  long_util.o [4]
?load32_asp_l0          0x008b07         Code  Gb  long_util.o [4]
?load32_dbsp_l0         0x008b02         Code  Gb  long_util.o [4]
?load32_l0_0x           0x008aea         Code  Gb  long_util.o [4]
?load32_l0_asp          0x008adf         Code  Gb  long_util.o [4]
?load32_l0_dbsp         0x008ada         Code  Gb  long_util.o [4]
?load32_l0_xsp          0x008ae1         Code  Gb  long_util.o [4]
?load32_l1_0x           0x008af6         Code  Gb  long_util.o [4]
?load32_xsp_l0          0x008b09         Code  Gb  long_util.o [4]
?mov_e0_e2              0x0086dd         Code  Gb  vreg_util.o [4]
?mov_e0_e3              0x0086ea         Code  Gb  vreg_util.o [4]
?mov_e1_e0              0x0086f7         Code  Gb  vreg_util.o [4]
?mov_e1_e2              0x008704         Code  Gb  vreg_util.o [4]
?mov_e1_e3              0x008711         Code  Gb  vreg_util.o [4]
?mov_e2_e0              0x00871e         Code  Gb  vreg_util.o [4]
?mov_e3_e0              0x00872b         Code  Gb  vreg_util.o [4]
?mov_l0_l2              0x0086da         Code  Gb  vreg_util.o [4]
?mov_l0_l3              0x0086e7         Code  Gb  vreg_util.o [4]
?mov_l1_l0              0x0086f4         Code  Gb  vreg_util.o [4]
?mov_l1_l2              0x008701         Code  Gb  vreg_util.o [4]
?mov_l1_l3              0x00870e         Code  Gb  vreg_util.o [4]
?mov_l2_l0              0x00871b         Code  Gb  vreg_util.o [4]
?mov_l3_l0              0x008728         Code  Gb  vreg_util.o [4]
?mov_w1_w5              0x0086e0         Code  Gb  vreg_util.o [4]
?mov_w1_w7              0x0086ed         Code  Gb  vreg_util.o [4]
?mov_w3_w1              0x0086fa         Code  Gb  vreg_util.o [4]
?mov_w3_w5              0x008707         Code  Gb  vreg_util.o [4]
?mov_w3_w7              0x008714         Code  Gb  vreg_util.o [4]
?mov_w5_w1              0x008721         Code  Gb  vreg_util.o [4]
?mov_w7_w1              0x00872e         Code  Gb  vreg_util.o [4]
?mul32_l0_l0_0x         0x008456         Code  Gb  long.o [4]
?mul32_l0_l0_dl         0x008453         Code  Gb  long.o [4]
?mul32_l0_l0_l1         0x00845f         Code  Gb  long.o [4]
?pop_l2                 0x0086b1         Code  Gb  vreg_util.o [4]
?pop_l3                 0x0086bc         Code  Gb  vreg_util.o [4]
?pop_w4                 0x00867b         Code  Gb  vreg_util.o [4]
?push_l2                0x00868a         Code  Gb  vreg_util.o [4]
?push_l3                0x00868f         Code  Gb  vreg_util.o [4]
?push_w4                0x008663         Code  Gb  vreg_util.o [4]
?sll16_x_x_4            0x008ea6         Code  Gb  short.o [4]
?sll16_x_x_5            0x008ea5         Code  Gb  short.o [4]
?sll16_x_x_6            0x008ea4         Code  Gb  short.o [4]
?sll16_x_x_a            0x008e9c         Code  Gb  short.o [4]
?sll32_0x_0x_a          0x008559         Code  Gb  long.o [4]
?sll32_l0_l0_a          0x008556         Code  Gb  long.o [4]
?sll32_l0_l0_db         0x008552         Code  Gb  long.o [4]
?srl16_x_x_4            0x008eab         Code  Gb  short.o [4]
?sub32_l0_l0_0x         0x00843b         Code  Gb  long.o [4]
?sub32_l0_l0_l1         0x008438         Code  Gb  long.o [4]
?udiv32_l0_dl_l1        0x0084dd         Code  Gb  long.o [4]
?udiv32_l0_l0_dl        0x0084e2         Code  Gb  long.o [4]
?udiv32_l0_l0_l1        0x0084e5         Code  Gb  long.o [4]
?umod32_l1_l0_l1        0x0084e5         Code  Gb  long.o [4]
?w0                     0x000000         Data  Gb  vregs.o [4]
?w1                     0x000002         Data  Gb  vregs.o [4]
?w2                     0x000004         Data  Gb  vregs.o [4]
?w3                     0x000006         Data  Gb  vregs.o [4]
?w4                     0x000008         Data  Gb  vregs.o [4]
?w5                     0x00000a         Data  Gb  vregs.o [4]
?w6                     0x00000c         Data  Gb  vregs.o [4]
?w7                     0x00000e         Data  Gb  vregs.o [4]
ADC1_Cmd                0x008ced   0x2f  Code  Gb  stm8s_adc1.o [1]
ADC1_ConversionConfig   0x008801   0xbe  Code  Gb  stm8s_adc1.o [1]
ADC1_DeInit             0x008cbc   0x31  Code  Gb  stm8s_adc1.o [1]
ADC1_ExternalTriggerConfig
                        0x00898b   0x59  Code  Gb  stm8s_adc1.o [1]
ADC1_GetConversionValue
                        0x008a39   0x54  Code  Gb  stm8s_adc1.o [1]
ADC1_Init               0x00829e  0x19a  Code  Gb  stm8s_adc1.o [1]
ADC1_PrescalerConfig    0x0089e4   0x55  Code  Gb  stm8s_adc1.o [1]
ADC1_SchmittTriggerConfig
                        0x008567   0xfc  Code  Gb  stm8s_adc1.o [1]
ADC1_StartConversion    0x008ef8    0x5  Code  Gb  stm8s_adc1.o [1]
ADC_Init                0x008d9d   0x27  Code  Gb  adc1.o [1]
CLK_GetClockFreq        0x00892e   0x5d  Code  Gb  stm8s_clk.o [1]
CLK_HSIPrescalerConfig  0x008be7   0x3d  Code  Gb  stm8s_clk.o [1]
CS                      0x000012    0x1  Data  Gb  HT1621.o [1]
CSTACK$$Base            0x000300          --   Gb  - Linker created -
CSTACK$$Limit           0x000400          --   Gb  - Linker created -
DAT                     0x000014    0x1  Data  Gb  HT1621.o [1]
Delay                   0x008dc4   0x25  Code  Gb  main.o [1]
HSIDivFactor            0x008f02    0x4  Data  Gb  stm8s_clk.o [1]
HT1621B_Init            0x008a8d   0x4d  Code  Gb  HT1621.o [1]
HT1621B_SendBit         0x008c58   0x32  Code  Gb  HT1621.o [1]
HT1621B_SendCmd         0x008de9   0x23  Code  Gb  HT1621.o [1]
HT1621B_SendDataBit     0x008c8a   0x32  Code  Gb  HT1621.o [1]
HT1621B_WriteData       0x008c24   0x34  Code  Gb  HT1621.o [1]
INTVEC$$Base            0x008000          --   Gb  - Linker created -
INTVEC$$Limit           0x008080          --   Gb  - Linker created -
Region$$Table$$Base     0x008e2d          --   Gb  - Linker created -
Region$$Table$$Limit    0x008e35          --   Gb  - Linker created -
SystemClock_Init        0x008f0a    0x4  Code  Gb  sysclock.o [1]
UART2_Cmd               0x008ee5    0xd  Code  Gb  stm8s_uart2.o [1]
UART2_DeInit            0x008d74   0x29  Code  Gb  stm8s_uart2.o [1]
UART2_GetFlagStatus     0x008735   0xcc  Code  Gb  stm8s_uart2.o [1]
UART2_Init              0x008080  0x21e  Code  Gb  stm8s_uart2.o [1]
UART2_SendByte          0x008ed7    0xe  Code  Gb  uart.o [1]
UART2_SendData8         0x008f06    0x4  Code  Gb  stm8s_uart2.o [1]
Uart2_Init              0x008e0c   0x21  Code  Gb  uart.o [1]
WR                      0x000013    0x1  Data  Gb  HT1621.o [1]
__DebugBreak            0x008f1c    0x1  Code  Gb  __dbg_break.o [3]
__exit                  0x008eb0   0x14  Code  Gb  __dbg_xxexit.o [3]
__iar_data_init2        0x008e85   0x17  Code  Gb  init.o [4]
__iar_program_start     0x008ec4         Code  Gb  cstartup.o [4]
__iar_unhandled_exception
                        0x008f17         Code  Gb  unhandled_exception.o [4]
__iar_zero_init2        0x008e35         Code  Gb  init_small.o [4]
__intvec                0x008000         Data  Gb  interrupt.o [4]
__low_level_init        0x008f11    0x3  Code  Gb  low_level_init.o [4]
_exit                   0x008efd         Code  Gb  cexit.o [4]
assert_failed           0x008f1a    0x2  Code  Gb  main.o [1]
delayNMS                0x008e6d   0x18  Code  Gb  HT1621.o [1]
exit                    0x008f14    0x3  Code  Gb  exit.o [4]
main                    0x008d1c   0x2c  Code  Gb  main.o [1]
printf_str              0x0088fb   0x1a  Code  Gb  uart.o [1]
putascShort             0x008e53   0x1a  Code  Gb  uart.o [1]
putascbase              0x0088bf   0x3c  Code  Gb  uart.o [1]
putchar                 0x008915   0x19  Code  Gb  uart.o [1]
u16_adc1_value          0x000010    0x2  Data  Gb  main.o [1]


[1] = D:\SmartGit_Repository\STM8_HT1621_IAR_Git\Project\Debug\Obj
[2] = command line
[3] = dbgstm8smd.a
[4] = dlstm8smn.a

  3 525 bytes of readonly  code memory
    344 bytes of readonly  data memory
    277 bytes of readwrite data memory

Errors: none
Warnings: none
